Position,Player Name,Team Name,Nationality,Height,Weight,Age,Condition,Overall Rating
CMF,A. HUNT,SOUTH YORKSHIRE BLUES,ENGLAND,177,69,18,C,57
AMF,Ã–. HURMACI,BB ERZURUMSPOR,TURKEY,176,70,32,C,74
DMF,A. HUTCHINSON,BEÅžÄ°KTAÅž,CANADA,187,83,35,C,80
RB,A. HUTTON,WEST MIDLANDS VILLAGE,SCOTLAND,185,73,34,C,72
